PASS __tests__/Input.test.tsx
PASS __tests__/Button.test.tsx
PASS __tests__/BookingForm.test.tsx
  ● Console

    console.log
      Form submitted: {
        name: 'John Doe',
        departureDate: '2026-05-26',
        pax: '50',
        institution: '',
        email: 'john@example.com',
        whatsapp: '081234567890',
        notes: ''
      }

      at log (components/ui/BookingForm.tsx:97:15)


Test Suites: 3 passed, 3 total
Tests:       12 passed, 12 total
Snapshots:   0 total
Time:        2.427 s
Ran all test suites.
